// Jest Snapshot v1, https://goo.gl/fbAQLP

exports[`<Background /> shape will render correctly 1`] = `<StyledBackground />`;
