// Jest Snapshot v1, https://goo.gl/fbAQLP

exports[`<Logo /> shape will render correctly 1`] = `
<Logo>
  <styled.a>
    <a
      className="kgaXSa"
    >
      <img
        src="https://www.marfeel.com/public/images/landing/header/logo-marfeel.svg"
      />
    </a>
  </styled.a>
</Logo>
`;
